<!DOCTYPE html><html><head><title>goldenfile:0.4.0</title><span style="position: fixed; top: 1em; right: 1em; color: pink">Ugly Alpha 1</span></head><body><article><title>goldenfile:0.4.0</title><section id="total-bytes"><h3>total uncompressed bytes</h3><p>12.5 KB</p></section><section id="total-files"><h3>total files</h3><p>16</p></section><section><h3>Fix</h3><section>NewInclude {
    include: [
        &quot;src/**/*&quot;,
        &quot;LICENSE&quot;,
        &quot;README.md&quot;,
    ],
    has_build_script: false,
}</section></section><section><h3>10 wasted files</h3><p>total waste: 3.5 KB</p><ol><li>tests/basics.rs : 1.9 KB</li><li>tests/usage.rs : 689 B</li><li>scripts/presubmit : 522 B</li><li>scripts/install-git-hooks : 160 B</li><li>.travis.yml : 99 B</li><li>scripts/git-hooks/pre-commit : 66 B</li><li>.gitignore : 23 B</li><li>tests/.gitignore : 13 B</li><li>tests/goldenfiles/file1.txt : 12 B</li><li>tests/goldenfiles/file2.txt : 6 B</li></ol></section></article></body><footer><span>Created by <a href="https://github.com/Byron/">Byron</a></span> | <span><a href="https://github.com/the-lean-crate/criner/issues/new?labels=bug&amp;template=waste-report-incorrect.md&amp;title=%5BINCORRECT+WASTE+REPORT%5D+%3CCrate+Name%3E" target="_blank" rel="noopener noreferrer">Provide feedback</a></span> | <span>Generated by <a href="https://github.com/the-lean-crate/criner#the-criner-waste-report">Criner</a> at 2020-05-18T06:59:19Z</span></footer></html>